[P3T] built seed: theta=40.00 dmin=1.080 A
[P3T] loaded pre-relaxed seed /mnt/d/AI4S-OrgChem/results/P3/seed_prerelaxed.xyz theta=149.25 dmin=1.070
[P3T] stage A1: free relax B3LYP/6-31g* (maxiter=60)
    free-opt iter cache=2
    free-opt iter cache=3
    free-opt iter cache=4
    free-opt iter cache=5
    free-opt iter cache=6
    free-opt iter cache=7
    free-opt iter cache=8
    free-opt iter cache=9
    free-opt iter cache=10
    free-opt iter cache=11
    free-opt iter cache=12
    free-opt iter cache=13
    free-opt iter cache=14
    free-opt iter cache=15
    free-opt iter cache=16
    free-opt iter cache=17
    free-opt iter cache=18
    free-opt iter cache=19
    free-opt iter cache=20
    free-opt iter cache=21
    free-opt iter cache=22
    free-opt iter cache=23
    free-opt iter cache=24
    free-opt iter cache=25
    free-opt iter cache=26
    free-opt iter cache=27
    free-opt iter cache=28
    free-opt iter cache=29
    free-opt iter cache=30
    free-opt iter cache=31
    free-opt iter cache=32
    free-opt iter cache=33
    free-opt iter cache=34
    free-opt iter cache=35
    free-opt iter cache=36
    free-opt iter cache=37
    free-opt iter cache=38
    free-opt iter cache=39
    free-opt iter cache=40
    free-opt iter cache=41
    free-opt iter cache=42
    free-opt iter cache=43
    free-opt iter cache=44
    free-opt iter cache=45
    free-opt iter cache=46
    free-opt iter cache=47
    free-opt iter cache=48
    free-opt iter cache=49
    free-opt iter cache=50
    free-opt iter cache=51
    free-opt iter cache=52
    free-opt iter cache=53
    free-opt iter cache=54
    free-opt iter cache=55
    free-opt iter cache=56
    free-opt iter cache=57
    free-opt iter cache=58
[P3T] stage A1 done: theta=145.50 E=-556.74047514 nit=57 converged=True dmin=1.085
[P3T] seed written to /mnt/d/AI4S-OrgChem/results/P3/free_b3lyp/seed_prerelaxed.xyz
[P3T] --seed-only: stopping before the theta scan
