[P3T] built seed: theta=40.00 dmin=1.080 A
[P3T] stage A1: free relax RHF/sto-3g (maxiter=250)
    free-opt iter cache=2
    free-opt iter cache=3
    free-opt iter cache=4
    free-opt iter cache=5
    free-opt iter cache=6
    free-opt iter cache=7
    free-opt iter cache=8
    free-opt iter cache=9
    free-opt iter cache=10
    free-opt iter cache=11
    free-opt iter cache=12
    free-opt iter cache=13
    free-opt iter cache=14
    free-opt iter cache=15
    free-opt iter cache=16
    free-opt iter cache=17
    free-opt iter cache=18
    free-opt iter cache=19
    free-opt iter cache=20
    free-opt iter cache=21
    free-opt iter cache=22
    free-opt iter cache=23
    free-opt iter cache=24
    free-opt iter cache=25
    free-opt iter cache=26
    free-opt iter cache=27
    free-opt iter cache=28
    free-opt iter cache=29
    free-opt iter cache=30
    free-opt iter cache=31
    free-opt iter cache=32
    free-opt iter cache=33
    free-opt iter cache=34
    free-opt iter cache=35
    free-opt iter cache=36
    free-opt iter cache=37
    free-opt iter cache=38
    free-opt iter cache=39
    free-opt iter cache=40
    free-opt iter cache=41
    free-opt iter cache=42
    free-opt iter cache=43
    free-opt iter cache=44
    free-opt iter cache=45
    free-opt iter cache=46
    free-opt iter cache=47
    free-opt iter cache=48
    free-opt iter cache=49
    free-opt iter cache=50
    free-opt iter cache=51
    free-opt iter cache=52
    free-opt iter cache=53
    free-opt iter cache=54
    free-opt iter cache=55
    free-opt iter cache=56
    free-opt iter cache=57
    free-opt iter cache=58
    free-opt iter cache=59
    free-opt iter cache=60
    free-opt iter cache=61
    free-opt iter cache=62
    free-opt iter cache=63
    free-opt iter cache=64
    free-opt iter cache=65
    free-opt iter cache=66
    free-opt iter cache=67
    free-opt iter cache=68
    free-opt iter cache=69
    free-opt iter cache=70
    free-opt iter cache=71
    free-opt iter cache=72
    free-opt iter cache=73
    free-opt iter cache=74
    free-opt iter cache=75
    free-opt iter cache=76
    free-opt iter cache=77
    free-opt iter cache=78
    free-opt iter cache=79
    free-opt iter cache=80
    free-opt iter cache=81
    free-opt iter cache=82
    free-opt iter cache=83
    free-opt iter cache=84
    free-opt iter cache=85
    free-opt iter cache=86
    free-opt iter cache=87
    free-opt iter cache=88
    free-opt iter cache=89
    free-opt iter cache=90
    free-opt iter cache=91
    free-opt iter cache=92
    free-opt iter cache=93
    free-opt iter cache=94
    free-opt iter cache=95
    free-opt iter cache=96
    free-opt iter cache=97
    free-opt iter cache=98
    free-opt iter cache=99
    free-opt iter cache=100
    free-opt iter cache=101
    free-opt iter cache=102
    free-opt iter cache=103
    free-opt iter cache=104
    free-opt iter cache=105
    free-opt iter cache=106
    free-opt iter cache=107
    free-opt iter cache=108
    free-opt iter cache=109
    free-opt iter cache=110
    free-opt iter cache=111
    free-opt iter cache=112
    free-opt iter cache=113
    free-opt iter cache=114
    free-opt iter cache=115
    free-opt iter cache=116
    free-opt iter cache=117
    free-opt iter cache=118
    free-opt iter cache=119
    free-opt iter cache=120
    free-opt iter cache=121
    free-opt iter cache=122
    free-opt iter cache=123
    free-opt iter cache=124
    free-opt iter cache=125
    free-opt iter cache=126
    free-opt iter cache=127
    free-opt iter cache=128
    free-opt iter cache=129
    free-opt iter cache=130
    free-opt iter cache=131
    free-opt iter cache=132
    free-opt iter cache=133
    free-opt iter cache=134
    free-opt iter cache=135
    free-opt iter cache=136
    free-opt iter cache=137
    free-opt iter cache=138
    free-opt iter cache=139
    free-opt iter cache=140
    free-opt iter cache=141
[P3T] stage A1 done: theta=135.02 E=-546.34768462 nit=140 converged=True dmin=1.082
[P3T] stage A2: free relax RHF/3-21g (maxiter=120)
    free-opt iter cache=2
    free-opt iter cache=3
    free-opt iter cache=4
    free-opt iter cache=5
    free-opt iter cache=6
    free-opt iter cache=7
    free-opt iter cache=8
    free-opt iter cache=9
    free-opt iter cache=10
    free-opt iter cache=11
    free-opt iter cache=12
    free-opt iter cache=13
    free-opt iter cache=14
    free-opt iter cache=15
    free-opt iter cache=16
    free-opt iter cache=17
    free-opt iter cache=18
    free-opt iter cache=19
    free-opt iter cache=20
    free-opt iter cache=21
    free-opt iter cache=22
    free-opt iter cache=23
    free-opt iter cache=24
    free-opt iter cache=25
    free-opt iter cache=26
    free-opt iter cache=27
    free-opt iter cache=28
    free-opt iter cache=29
    free-opt iter cache=30
    free-opt iter cache=31
    free-opt iter cache=32
    free-opt iter cache=33
    free-opt iter cache=34
    free-opt iter cache=35
    free-opt iter cache=36
    free-opt iter cache=37
    free-opt iter cache=38
    free-opt iter cache=39
    free-opt iter cache=40
    free-opt iter cache=41
    free-opt iter cache=42
    free-opt iter cache=43
    free-opt iter cache=44
    free-opt iter cache=45
    free-opt iter cache=46
    free-opt iter cache=47
    free-opt iter cache=48
    free-opt iter cache=49
    free-opt iter cache=50
    free-opt iter cache=51
    free-opt iter cache=52
    free-opt iter cache=53
    free-opt iter cache=54
    free-opt iter cache=55
    free-opt iter cache=56
    free-opt iter cache=57
    free-opt iter cache=58
    free-opt iter cache=59
    free-opt iter cache=60
    free-opt iter cache=61
    free-opt iter cache=62
    free-opt iter cache=63
    free-opt iter cache=64
    free-opt iter cache=65
    free-opt iter cache=66
    free-opt iter cache=67
    free-opt iter cache=68
    free-opt iter cache=69
    free-opt iter cache=70
    free-opt iter cache=71
    free-opt iter cache=72
    free-opt iter cache=73
    free-opt iter cache=74
    free-opt iter cache=75
    free-opt iter cache=76
    free-opt iter cache=77
    free-opt iter cache=78
    free-opt iter cache=79
    free-opt iter cache=80
    free-opt iter cache=81
    free-opt iter cache=82
    free-opt iter cache=83
    free-opt iter cache=84
    free-opt iter cache=85
    free-opt iter cache=86
    free-opt iter cache=87
    free-opt iter cache=88
    free-opt iter cache=89
    free-opt iter cache=90
    free-opt iter cache=91
    free-opt iter cache=92
    free-opt iter cache=93
    free-opt iter cache=94
    free-opt iter cache=95
    free-opt iter cache=96
    free-opt iter cache=97
    free-opt iter cache=98
    free-opt iter cache=99
    free-opt iter cache=100
    free-opt iter cache=101
    free-opt iter cache=102
    free-opt iter cache=103
    free-opt iter cache=104
    free-opt iter cache=105
    free-opt iter cache=106
[P3T] stage A2 done: theta=149.25 E=-550.04649746 nit=105 converged=True dmin=1.070
[P3T] seed written to results/P3/seed_prerelaxed.xyz
[P3T] --seed-only: stopping before the theta scan
