
=== Benzene semi-adiabatic BLA ===
  G x=-0.0500 E=-232.23543881
  G x=-0.0400 E=-232.23846213
  G x=-0.0300 E=-232.24079313
  G x=-0.0200 E=-232.24244709
  G x=-0.0100 E=-232.24343503
  G x=0.0000 E=-232.24376361
  G x=0.0100 E=-232.24343503
  G x=0.0200 E=-232.24244709
  G x=0.0300 E=-232.24079313
  G x=0.0400 E=-232.23846213
  G x=0.0500 E=-232.23543881
  G x=0.0600 E=-232.23170373
  G x=0.0700 E=-232.22723346
  G x=0.0800 E=-232.22200070
  GL x=-0.0500 E=-232.16890320
  GL x=-0.0400 E=-232.17900531
  GL x=-0.0300 E=-232.18813201
  GL x=-0.0200 E=-232.19624651
  GL x=-0.0100 E=-232.20335833
  GL x=0.0000 E=-232.20946793
  GL x=0.0100 E=-232.21458104
  GL x=0.0200 E=-232.21867887
  GL x=0.0300 E=-232.22179854
  GL x=0.0400 E=-232.22392407
  GL x=0.0500 E=-232.22501564
  GL x=0.0600 E=-232.22506947
  GL x=0.0700 E=-232.22408381
  GL x=0.0800 E=-232.22203732
  GE(0, 1) x=-0.0500 E=-232.15609757
  GE(0, 1) x=-0.0400 E=-232.16568373
  GE(0, 1) x=-0.0300 E=-232.17435614
  GE(0, 1) x=-0.0200 E=-232.18209113
  GE(0, 1) x=-0.0100 E=-232.18888056
  GE(0, 1) x=0.0000 E=-232.19471841
  GE(0, 1) x=0.0100 E=-232.19960045
  GE(0, 1) x=0.0200 E=-232.20355461
  GE(0, 1) x=0.0300 E=-232.20656402
  GE(0, 1) x=0.0400 E=-232.20859022
  GE(0, 1) x=0.0500 E=-232.20963336
  GE(0, 1) x=0.0600 E=-232.20970457
  GE(0, 1) x=0.0700 E=-232.20875440
  GE(0, 1) x=0.0800 E=-232.20678271
  ad: δG=+0.0000 δGL=+0.0555 δGE=+0.0557
  ad: ΔEA=-11.665 ΔEAm=+9.648 ESE=-40.609

=== CBD semi-adiabatic r_s (r_d=1.35) ===
  G x=1.4200 E=-154.64175581
  G x=1.4400 E=-154.64952898
  G x=1.4600 E=-154.65582490
  G x=1.4800 E=-154.66077666
  G x=1.5000 E=-154.66450592
  G x=1.5200 E=-154.66712400
  G x=1.5400 E=-154.66873275
  G x=1.5600 E=-154.66942544
  G x=1.5800 E=-154.66928745
  G x=1.6000 E=-154.66839705
  G x=1.6200 E=-154.66682603
  GL x=1.4200 E=-154.77404513
  GL x=1.4400 E=-154.77412297
  GL x=1.4600 E=-154.77313292
  GL x=1.4800 E=-154.77119186
  GL x=1.5000 E=-154.76840198
  GL x=1.5200 E=-154.76485610
  GL x=1.5400 E=-154.76063491
  GL x=1.5600 E=-154.75582161
  GL x=1.5800 E=-154.75048236
  GL x=1.6000 E=-154.74468106
  GL x=1.6200 E=-154.73847400
  ad: rG=1.5667 rGL=1.4315 ΔEA=+65.731

=== RHF vertical 2007 vs 2011-lite ===
  bz RHF-07 ESE=-2316889.515  RHF-11 ESE=-45.461
  cbd RHF-07 ΔEA=+96.992  RHF-11 ΔEA=+96.992

[P6v3] agree=True ~96%
