
=== O1: CBD 2D adiabatic (r_d x r_s) ===
  G rd=1.320 rs=1.440 E=-154.64905963
  G rd=1.320 rs=1.460 E=-154.65528644
  G rd=1.320 rs=1.480 E=-154.66017306
  G rd=1.320 rs=1.500 E=-154.66384094
  G rd=1.320 rs=1.520 E=-154.66640119
  G rd=1.320 rs=1.540 E=-154.66795550
  G rd=1.320 rs=1.560 E=-154.66859695
  G rd=1.320 rs=1.580 E=-154.66841076
  G rd=1.320 rs=1.600 E=-154.66747507
  G rd=1.340 rs=1.440 E=-154.64983223
  G rd=1.340 rs=1.460 E=-154.65610590
  G rd=1.340 rs=1.480 E=-154.66103667
  G rd=1.340 rs=1.500 E=-154.66474615
  G rd=1.340 rs=1.520 E=-154.66734556
  G rd=1.340 rs=1.540 E=-154.66893673
  G rd=1.340 rs=1.560 E=-154.66961285
  G rd=1.340 rs=1.580 E=-154.66945925
  G rd=1.340 rs=1.600 E=-154.66855416
  G rd=1.360 rs=1.440 E=-154.64879915
  G rd=1.360 rs=1.460 E=-154.65511656
  G rd=1.360 rs=1.480 E=-154.66008862
  G rd=1.360 rs=1.500 E=-154.66383703
  G rd=1.360 rs=1.520 E=-154.66647318
  G rd=1.360 rs=1.540 E=-154.66809900
  G rd=1.360 rs=1.560 E=-154.66880777
  G rd=1.360 rs=1.580 E=-154.66868495
  G rd=1.360 rs=1.600 E=-154.66780884
  G rd=1.380 rs=1.440 E=-154.64615214
  G rd=1.380 rs=1.460 E=-154.65251041
  G rd=1.380 rs=1.480 E=-154.65752107
  G rd=1.380 rs=1.500 E=-154.66130597
  G rd=1.380 rs=1.520 E=-154.66397659
  G rd=1.380 rs=1.540 E=-154.66563499
  G rd=1.380 rs=1.560 E=-154.66637455
  G rd=1.380 rs=1.580 E=-154.66628080
  G rd=1.380 rs=1.600 E=-154.66543215
  G rd=1.400 rs=1.440 E=-154.64206521
  G rd=1.400 rs=1.460 E=-154.64846164
  G rd=1.400 rs=1.480 E=-154.65350842
  G rd=1.400 rs=1.500 E=-154.65732751
  G rd=1.400 rs=1.520 E=-154.66003052
  G rd=1.400 rs=1.540 E=-154.66171958
  G rd=1.400 rs=1.560 E=-154.66248818
  G rd=1.400 rs=1.580 E=-154.66242193
  G rd=1.400 rs=1.600 E=-154.66159930
  GL rd=1.320 rs=1.440 E=-154.77235569
  GL rd=1.320 rs=1.460 E=-154.77131833
  GL rd=1.320 rs=1.480 E=-154.76933243
  GL rd=1.320 rs=1.500 E=-154.76650427
  GL rd=1.320 rs=1.520 E=-154.76292603
  GL rd=1.320 rs=1.540 E=-154.75867754
  GL rd=1.320 rs=1.560 E=-154.75384274
  GL rd=1.320 rs=1.580 E=-154.74848532
  GL rd=1.320 rs=1.600 E=-154.74267044
  GL rd=1.340 rs=1.440 E=-154.77400538
  GL rd=1.340 rs=1.460 E=-154.77300292
  GL rd=1.340 rs=1.480 E=-154.77104717
  GL rd=1.340 rs=1.500 E=-154.76824472
  GL rd=1.340 rs=1.520 E=-154.76468819
  GL rd=1.340 rs=1.540 E=-154.76045799
  GL rd=1.340 rs=1.560 E=-154.75563742
  GL rd=1.340 rs=1.580 E=-154.75029221
  GL rd=1.340 rs=1.600 E=-154.74448632
  GL rd=1.360 rs=1.440 E=-154.77379067
  GL rd=1.360 rs=1.460 E=-154.77282154
  GL rd=1.360 rs=1.480 E=-154.77089490
  GL rd=1.360 rs=1.500 E=-154.76811741
  GL rd=1.360 rs=1.520 E=-154.76458206
  GL rd=1.360 rs=1.540 E=-154.76036983
  GL rd=1.360 rs=1.560 E=-154.75556292
  GL rd=1.360 rs=1.580 E=-154.75023050
  GL rd=1.360 rs=1.600 E=-154.74443386
  GL rd=1.380 rs=1.440 E=-154.77190450
  GL rd=1.380 rs=1.460 E=-154.77096796
  GL rd=1.380 rs=1.480 E=-154.76906953
  GL rd=1.380 rs=1.500 E=-154.76631632
  GL rd=1.380 rs=1.520 E=-154.76279832
  GL rd=1.380 rs=1.540 E=-154.75860717
  GL rd=1.380 rs=1.560 E=-154.75381486
  GL rd=1.380 rs=1.580 E=-154.74849436
  GL rd=1.380 rs=1.600 E=-154.74270727
  GL rd=1.400 rs=1.440 E=-154.76852376
  GL rd=1.400 rs=1.460 E=-154.76761827
  GL rd=1.400 rs=1.480 E=-154.76574718
  GL rd=1.400 rs=1.500 E=-154.76301765
  GL rd=1.400 rs=1.520 E=-154.75952019
  GL rd=1.400 rs=1.540 E=-154.75534635
  GL rd=1.400 rs=1.560 E=-154.75056862
  GL rd=1.400 rs=1.580 E=-154.74526020
  GL rd=1.400 rs=1.600 E=-154.73948294
  2D: G=(1.340,1.560) GL=(1.340,1.440) ΔEA=+65.507
  vert@G* ΔEA=+53.981 ESE=-0.000

=== O2: 2011-lite (B3LYP & RHF) ===
  B3LYP bz ESE 07/11=-35.442/-35.481
  RHF   bz ESE 07/11=-2316889.515/-45.461
  RHF-2011 cbd ΔEA=+96.992 ESE=-0.000
Traceback (most recent call last):
  File "<frozen runpy>", line 198, in _run_module_as_main
  File "<frozen runpy>", line 88, in _run_code
  File "/mnt/d/AI4S-OrgChem/src/p6_ese/run_v4_objections.py", line 339, in <module>
    main()
  File "/mnt/d/AI4S-OrgChem/src/p6_ese/run_v4_objections.py", line 312, in main
    write_json(
  File "/mnt/d/AI4S-OrgChem/src/common/units.py", line 27, in write_json
    path.write_text(json.dumps(data, indent=2, ensure_ascii=False) + "\n", encoding="utf-8")
                    ^^^^^^^^^^^^^^^^^^^^^^^^^^^^^^^^^^^^^^^^^^^^^^
  File "/usr/lib/python3.12/json/__init__.py", line 238, in dumps
    **kw).encode(obj)
          ^^^^^^^^^^^
  File "/usr/lib/python3.12/json/encoder.py", line 202, in encode
    chunks = list(chunks)
             ^^^^^^^^^^^^
  File "/usr/lib/python3.12/json/encoder.py", line 432, in _iterencode
    yield from _iterencode_dict(o, _current_indent_level)
  File "/usr/lib/python3.12/json/encoder.py", line 406, in _iterencode_dict
    yield from chunks
  File "/usr/lib/python3.12/json/encoder.py", line 406, in _iterencode_dict
    yield from chunks
  File "/usr/lib/python3.12/json/encoder.py", line 406, in _iterencode_dict
    yield from chunks
  [Previous line repeated 2 more times]
  File "/usr/lib/python3.12/json/encoder.py", line 439, in _iterencode
    o = _default(o)
        ^^^^^^^^^^^
  File "/usr/lib/python3.12/json/encoder.py", line 180, in default
    raise TypeError(f'Object of type {o.__class__.__name__} '
TypeError: Object of type bool is not JSON serializable
