
=== O1: CBD 2D adiabatic (r_d x r_s) ===
  G rd=1.320 rs=1.400 E=-154.63204143
  G rd=1.320 rs=1.420 E=-154.64135978
  G rd=1.320 rs=1.440 E=-154.64905963
  G rd=1.320 rs=1.460 E=-154.65528644
  G rd=1.320 rs=1.480 E=-154.66017306
  G rd=1.320 rs=1.500 E=-154.66384094
  G rd=1.320 rs=1.520 E=-154.66640119
  G rd=1.320 rs=1.540 E=-154.66795550
  G rd=1.320 rs=1.560 E=-154.66859695
  G rd=1.320 rs=1.580 E=-154.66841076
  G rd=1.320 rs=1.600 E=-154.66747507
  G rd=1.320 rs=1.620 E=-154.66586153
  G rd=1.340 rs=1.400 E=-154.63271155
  G rd=1.340 rs=1.420 E=-154.64208265
  G rd=1.340 rs=1.440 E=-154.64983223
  G rd=1.340 rs=1.460 E=-154.65610590
  G rd=1.340 rs=1.480 E=-154.66103667
  G rd=1.340 rs=1.500 E=-154.66474615
  G rd=1.340 rs=1.520 E=-154.66734556
  G rd=1.340 rs=1.540 E=-154.66893673
  G rd=1.340 rs=1.560 E=-154.66961285
  G rd=1.340 rs=1.580 E=-154.66945925
  G rd=1.340 rs=1.600 E=-154.66855416
  G rd=1.340 rs=1.620 E=-154.66696933
  G rd=1.360 rs=1.400 E=-154.63158297
  G rd=1.360 rs=1.420 E=-154.64100321
  G rd=1.360 rs=1.440 E=-154.64879915
  G rd=1.360 rs=1.460 E=-154.65511656
  G rd=1.360 rs=1.480 E=-154.66008862
  G rd=1.360 rs=1.500 E=-154.66383703
  G rd=1.360 rs=1.520 E=-154.66647318
  G rd=1.360 rs=1.540 E=-154.66809900
  G rd=1.360 rs=1.560 E=-154.66880777
  G rd=1.360 rs=1.580 E=-154.66868495
  G rd=1.360 rs=1.600 E=-154.66780884
  G rd=1.360 rs=1.620 E=-154.66625128
  G rd=1.380 rs=1.420 E=-154.63831297
  G rd=1.380 rs=1.440 E=-154.64615214
  G rd=1.380 rs=1.460 E=-154.65251041
  G rd=1.380 rs=1.480 E=-154.65752107
  G rd=1.380 rs=1.500 E=-154.66130597
  G rd=1.380 rs=1.520 E=-154.66397659
  G rd=1.380 rs=1.540 E=-154.66563499
  G rd=1.380 rs=1.560 E=-154.66637455
  G rd=1.380 rs=1.580 E=-154.66628080
  G rd=1.380 rs=1.600 E=-154.66543215
  G rd=1.380 rs=1.620 E=-154.66390049
  G rd=1.400 rs=1.440 E=-154.64206521
  G rd=1.400 rs=1.460 E=-154.64846164
  G rd=1.400 rs=1.480 E=-154.65350842
  G rd=1.400 rs=1.500 E=-154.65732751
  G rd=1.400 rs=1.520 E=-154.66003052
  G rd=1.400 rs=1.540 E=-154.66171958
  G rd=1.400 rs=1.560 E=-154.66248818
  G rd=1.400 rs=1.580 E=-154.66242193
  G rd=1.400 rs=1.600 E=-154.66159930
  G rd=1.400 rs=1.620 E=-154.66009227
  GL rd=1.320 rs=1.400 E=-154.77115151
  GL rd=1.320 rs=1.420 E=-154.77234655
  GL rd=1.320 rs=1.440 E=-154.77236035
  GL rd=1.320 rs=1.460 E=-154.77131832
  GL rd=1.320 rs=1.480 E=-154.76933243
  GL rd=1.320 rs=1.500 E=-154.76650427
  GL rd=1.320 rs=1.520 E=-154.76292603
  GL rd=1.320 rs=1.540 E=-154.75867754
  GL rd=1.320 rs=1.560 E=-154.75384274
  GL rd=1.320 rs=1.580 E=-154.74848532
  GL rd=1.320 rs=1.600 E=-154.74267044
  GL rd=1.320 rs=1.620 E=-154.73645341
  GL rd=1.340 rs=1.400 E=-154.77271217
  GL rd=1.340 rs=1.420 E=-154.77395585
  GL rd=1.340 rs=1.440 E=-154.77400995
  GL rd=1.340 rs=1.460 E=-154.77300292
  GL rd=1.340 rs=1.480 E=-154.77104717
  GL rd=1.340 rs=1.500 E=-154.76824472
  GL rd=1.340 rs=1.520 E=-154.76468819
  GL rd=1.340 rs=1.540 E=-154.76045799
  GL rd=1.340 rs=1.560 E=-154.75563742
  GL rd=1.340 rs=1.580 E=-154.75029221
  GL rd=1.340 rs=1.600 E=-154.74448632
  GL rd=1.340 rs=1.620 E=-154.73827583
  GL rd=1.360 rs=1.400 E=-154.77241465
  GL rd=1.360 rs=1.420 E=-154.77370210
  GL rd=1.360 rs=1.440 E=-154.77379489
  GL rd=1.360 rs=1.460 E=-154.77282154
  GL rd=1.360 rs=1.480 E=-154.77089490
  GL rd=1.360 rs=1.500 E=-154.76811741
  GL rd=1.360 rs=1.520 E=-154.76458206
  GL rd=1.360 rs=1.540 E=-154.76036983
  GL rd=1.360 rs=1.560 E=-154.75556292
  GL rd=1.360 rs=1.580 E=-154.75023050
  GL rd=1.360 rs=1.600 E=-154.74443386
  GL rd=1.360 rs=1.620 E=-154.73823034
  GL rd=1.380 rs=1.420 E=-154.77177109
  GL rd=1.380 rs=1.440 E=-154.77190886
  GL rd=1.380 rs=1.460 E=-154.77096798
  GL rd=1.380 rs=1.480 E=-154.76906953
  GL rd=1.380 rs=1.500 E=-154.76631632
  GL rd=1.380 rs=1.520 E=-154.76279832
  GL rd=1.380 rs=1.540 E=-154.75860717
  GL rd=1.380 rs=1.560 E=-154.75381486
  GL rd=1.380 rs=1.580 E=-154.74849436
  GL rd=1.380 rs=1.600 E=-154.74270727
  GL rd=1.380 rs=1.620 E=-154.73651114
  GL rd=1.400 rs=1.440 E=-154.76852417
  GL rd=1.400 rs=1.460 E=-154.76761829
  GL rd=1.400 rs=1.480 E=-154.76574718
  GL rd=1.400 rs=1.500 E=-154.76301765
  GL rd=1.400 rs=1.520 E=-154.75952019
  GL rd=1.400 rs=1.540 E=-154.75534635
  GL rd=1.400 rs=1.560 E=-154.75056862
  GL rd=1.400 rs=1.580 E=-154.74526020
  GL rd=1.400 rs=1.600 E=-154.73948294
  GL rd=1.400 rs=1.620 E=-154.73329463
  2D: G=(1.340,1.560) GL=(1.340,1.440) ΔEA=+65.510
  vert@G* ΔEA=+53.981 ESE=-0.000

=== O2: 2011-lite (B3LYP & RHF) ===
  B3LYP bz ESE 07/11=-35.442/-35.481
  RHF   bz ESE 07/11=-2316889.515/-45.461
  RHF-2011 cbd ΔEA=+96.992 ESE=-0.000

[P6v4] all_closed=True ~98%
