[P4] optimize D6h benzene
  r0=1.39691 Å  bla=0.00000  opt=True
  E(D6h)=-232.24382858  EN=203.15497120
[P4] BLA scan (dra=−drb)
  δ=0.000  E=-232.24381318  EN=203.20714883  Ee=-435.45096200  r=(1.3969/1.3969)
  δ=0.010  E=-232.24372905  EN=203.20820956  Ee=-435.45193861  r=(1.4019/1.3919)
  δ=0.020  E=-232.24347653  EN=203.21139192  Ee=-435.45486846  r=(1.4069/1.3869)
  δ=0.030  E=-232.24305520  EN=203.21669643  Ee=-435.45975162  r=(1.4119/1.3819)
  δ=0.040  E=-232.24246435  EN=203.22412391  Ee=-435.46658825  r=(1.4169/1.3769)
  δ=0.050  E=-232.24170300  EN=203.23367554  Ee=-435.47537854  r=(1.4219/1.3719)
  δ=0.060  E=-232.24076991  EN=203.24535284  Ee=-435.48612274  r=(1.4269/1.3669)
  δ=0.070  E=-232.23966353  EN=203.25915765  Ee=-435.49882118  r=(1.4319/1.3619)
  δ=0.080  E=-232.23838208  EN=203.27509216  Ee=-435.51347424  r=(1.4369/1.3569)
  δ=0.090  E=-232.23692348  EN=203.29315891  Ee=-435.53008238  r=(1.4419/1.3519)
  δ=0.100  E=-232.23528540  EN=203.31336074  Ee=-435.54864615  r=(1.4469/1.3469)
  δ=0.110  E=-232.23346527  EN=203.33570088  Ee=-435.56916616  r=(1.4519/1.3419)
  δ=0.120  E=-232.23146025  EN=203.36018287  Ee=-435.59164312  r=(1.4569/1.3369)

[analysis]
  gate.passed=True  agree=True
  E/EN/Ee min δ = 0.000 / 0.000 / 0.120
  δ_max→0: ΔE=-7.752 ΔEN=-96.030 ΔEe=+88.279
