
=== [8]annulene 2007 ===
  GE(0, 1) ΔEAm=+1.106
  GE(1, 2) ΔEAm=+1.106
  GE(2, 3) ΔEAm=+1.106
  GE(3, 0) ΔEAm=+1.106
  class=4n ΔEA=+17.375 Σ=+4.424 VDE≈ESE=+12.951 VDE/π=+1.619

=== [10]annulene 2007 ===
  GE(0, 1) ΔEAm=-0.786
  GE(1, 2) ΔEAm=-0.787
  GE(2, 3) ΔEAm=-0.786
  GE(3, 4) ΔEAm=-0.787
  GE(4, 0) ΔEAm=-0.786
  class=4n+2 ΔEA=-16.106 Σ=-3.933 VDE≈ESE=-12.173 VDE/π=-1.217

=== [12]annulene 2007 ===
  GE(0, 1) ΔEAm=-1.573
  GE(1, 2) ΔEAm=-1.573
  GE(2, 3) ΔEAm=-1.573
  GE(3, 4) ΔEAm=-1.573
  GE(4, 5) ΔEAm=-1.573
  GE(5, 0) ΔEAm=-1.573
  class=4n ΔEA=-3.426 Σ=-9.441 VDE≈ESE=+6.015 VDE/π=+0.501

=== [14]annulene 2007 ===
  GE(0, 1) ΔEAm=-1.956
  GE(1, 2) ΔEAm=-1.956
  GE(2, 3) ΔEAm=-1.956
  GE(3, 4) ΔEAm=-1.956
  GE(4, 5) ΔEAm=-1.956
  GE(5, 6) ΔEAm=-1.956
  GE(6, 0) ΔEAm=-1.956
  class=4n+2 ΔEA=-21.231 Σ=-13.695 VDE≈ESE=-7.537 VDE/π=-0.538

=== [16]annulene 2007 ===
  GE(0, 1) ΔEAm=-2.199
  GE(1, 2) ΔEAm=-2.199
  GE(2, 3) ΔEAm=-2.199
  GE(3, 4) ΔEAm=-2.199
  GE(4, 5) ΔEAm=-2.199
  GE(5, 6) ΔEAm=-2.199
  GE(6, 7) ΔEAm=-2.199
  GE(7, 0) ΔEAm=-2.199
  class=4n ΔEA=-15.714 Σ=-17.594 VDE≈ESE=+1.879 VDE/π=+0.117

=== [18]annulene 2007 ===
  GE(0, 1) ΔEAm=-2.352
  GE(1, 2) ΔEAm=-2.352
  GE(2, 3) ΔEAm=-2.352
  GE(3, 4) ΔEAm=-2.352
  GE(4, 5) ΔEAm=-2.352
  GE(5, 6) ΔEAm=-2.352
  GE(6, 7) ΔEAm=-2.352
  GE(7, 8) ΔEAm=-2.352
  GE(8, 0) ΔEAm=-2.352
  class=4n+2 ΔEA=-26.685 Σ=-21.169 VDE≈ESE=-5.516 VDE/π=-0.306
# P9 v1 — [N]annulene VDE-proxy scan

- method=B3LYP/6-31g*
- gates=True agree=None completion~75%
- signs_4n2_ok=True gap_converges=True

| N | class | VDE | VDE/π | sign_ok |
|---|-------|-----|-------|---------|
| 8 | 4n | +12.95 | +1.619 | True |
| 10 | 4n+2 | -12.17 | -1.217 | True |
| 12 | 4n | +6.01 | +0.501 | True |
| 14 | 4n+2 | -7.54 | -0.538 | True |
| 16 | 4n | +1.88 | +0.117 | True |
| 18 | 4n+2 | -5.52 | -0.306 | True |

- gap |8−10| VDE/π: 2.836 (4n=+1.619, 4n+2=-1.217)
- gap |12−14| VDE/π: 1.040 (4n=+0.501, 4n+2=-0.538)
- gap |16−18| VDE/π: 0.424 (4n=+0.117, 4n+2=-0.306)

