v1 N= [8, 10, 12, 14, 16, 18]

=== [8] B3LYP/6-31g* 2011lite rd/rs=1.35/1.45 ===
    SCF G start (B3LYP/6-31g*) ...
    SCF G done E=-309.55833858 conv=True
    SCF GL DIIS ...
    SCF GL Newton fallback ...
    SCF GL done E=-309.58602286 conv=True
    SCF GE DIIS ...
    SCF GE Newton fallback ...
    SCF GE done E=-309.58426659 conv=True
  => class=4n VDE=+12.964 VDE/π=+1.620 sign_ok=True

=== [10] B3LYP/6-31g* 2011lite rd/rs=1.35/1.45 ===
    SCF G start (B3LYP/6-31g*) ...
    SCF G done E=-386.92744651 conv=True
    SCF GL DIIS ...
    SCF GL Newton fallback ...
    SCF GL done E=-386.90181547 conv=True
    SCF GE DIIS ...
    SCF GE Newton fallback ...
    SCF GE done E=-386.90303578 conv=True
  => class=4n+2 VDE=-12.255 VDE/π=-1.225 sign_ok=True

=== [12] B3LYP/6-31g* 2011lite rd/rs=1.35/1.45 ===
    SCF G start (B3LYP/6-31g*) ...
    SCF G done E=-464.19569258 conv=True
    SCF GL DIIS ...
    SCF GL Newton fallback ...
    SCF GL done E=-464.19023348 conv=True
    SCF GE DIIS ...
    SCF GE Newton fallback ...
    SCF GE done E=-464.19270181 conv=True
  => class=4n VDE=+5.868 VDE/π=+0.489 sign_ok=True

=== [8] B3LYP/6-31g* 2007 rd/rs=1.34/1.46 ===
    SCF G start (B3LYP/6-31g*) ...
    SCF G done E=-309.55849627 conv=True
    SCF GL DIIS ...
    SCF GL Newton fallback ...
    SCF GL done E=-309.58634654 conv=True
    SCF GE DIIS ...
    SCF GE Newton fallback ...
    SCF GE done E=-309.58407445 conv=True
  => class=4n VDE=+11.773 VDE/π=+1.472 sign_ok=True

=== [16] B3LYP/6-31g* 2007 rd/rs=1.34/1.46 ===
    SCF G start (B3LYP/6-31g*) ...
    SCF G done E=-618.73743000 conv=True
    SCF GL DIIS ...
    SCF GL Newton fallback ...
    SCF GL done E=-618.71794549 conv=True
    SCF GE DIIS ...
