
=== Protocol Fock+S ===
  E(G)=-155.98888332 r23=1.4578
  E(GL@G)=-155.99523008  vertical ΔE=+3.983 kcal
  r23=1.380 E=-155.99247195
  r23=1.390 E=-155.99335395
  r23=1.400 E=-155.99408557
  r23=1.410 E=-155.99462602
  r23=1.420 E=-155.99500360
  r23=1.430 E=-155.99524527
  r23=1.440 E=-155.99534863
  r23=1.450 E=-155.99534054
  r23=1.460 E=-155.99518584
  r23=1.470 E=-155.99490503
  r23=1.480 E=-155.99452443
  r23=1.490 E=-155.99403856
  r23=1.500 E=-155.99345410
  r23=1.510 E=-155.99277429
  r23=1.520 E=-155.99200488
  ΔE(scan)=+4.057 kcal  r23(GL)=1.4400  edge=False

=== Protocol Fock-only ===
  E(G)=-155.98888332 r23=1.4578
  E(GL@G)=-155.85141776  vertical ΔE=-86.261 kcal
  r23=1.380 E=-155.80659985
  r23=1.390 E=-155.81355706
  r23=1.400 E=-155.82013272
  r23=1.410 E=-155.82634969
  r23=1.420 E=-155.83220320
  r23=1.430 E=-155.83772258
  r23=1.440 E=-155.84292221
  r23=1.450 E=-155.84780652
  r23=1.460 E=-155.85240849
  r23=1.470 E=-155.85673116
  r23=1.480 E=-155.86077211
  r23=1.490 E=-155.86456820
  r23=1.500 E=-155.86812020
  r23=1.510 E=-155.87143945
  r23=1.520 E=-155.87453302
  ΔE(scan)=-71.756 kcal  r23(GL)=1.5200  edge=True

[primary Fock+S] ΔE=+4.057 kcal (book +1.4); agree=False
