
=== Butadiene ===
  G start E=-155.59180557
    G r=1.410 E=-155.58539175
    G r=1.420 E=-155.58724001
    G r=1.430 E=-155.58891975
    G r=1.440 E=-155.59043903
    G r=1.450 E=-155.59180557
    G r=1.460 E=-155.59302670
    G r=1.470 E=-155.59410946
    G r=1.480 E=-155.59506055
    G r=1.490 E=-155.59588638
    GL r=1.400 E=-155.58785284
    GL r=1.410 E=-155.58969715
    GL r=1.420 E=-155.59137257
    GL r=1.430 E=-155.59290234
    GL r=1.440 E=-155.59425946
    GL r=1.450 E=-155.59547002
    GL r=1.460 E=-155.59652883
    GL r=1.470 E=-155.59746853
    GL r=1.480 E=-155.59828398
    GL r=1.490 E=-155.59897708
    GL r=1.500 E=-155.59957709
    GL r=1.510 E=-155.60004251
    GL r=1.520 E=-155.60040505
  ΔEA=+2.836 kcal  Δr=-0.0300 Å

=== Hexatriene ===
  G start E=-232.73169086
    G r=1.410 E=-232.72503665
    G r=1.420 E=-232.72693441
    G r=1.430 E=-232.72867071
    G r=1.440 E=-232.73025362
    G r=1.450 E=-232.73169086
    G r=1.460 E=-232.73298979
    G r=1.470 E=-232.73415742
    G r=1.480 E=-232.73520046
    G r=1.490 E=-232.73612532
    G r=1.410 E=-232.72991209
    G r=1.420 E=-232.73170772
    G r=1.430 E=-232.73333654
    G r=1.440 E=-232.73480654
    G r=1.450 E=-232.73612532
    G r=1.460 E=-232.73730014
    G r=1.470 E=-232.73833793
    G r=1.480 E=-232.73924533
    G r=1.490 E=-232.74002863
    GL r=1.400 E=-232.73472104
    GL r=1.410 E=-232.73660090
    GL r=1.420 E=-232.73831419
    GL r=1.430 E=-232.73988481
    GL r=1.440 E=-232.74130041
    GL r=1.450 E=-232.74257642
    GL r=1.460 E=-232.74371709
    GL r=1.470 E=-232.74473884
    GL r=1.480 E=-232.74564414
    GL r=1.490 E=-232.74643430
    GL r=1.500 E=-232.74711828
    GL r=1.510 E=-232.74769677
    GL r=1.520 E=-232.74818366
    GL r=1.400 E=-232.73613160
    GL r=1.410 E=-232.73808813
    GL r=1.420 E=-232.73987280
    GL r=1.430 E=-232.74149368
    GL r=1.440 E=-232.74295844
    GL r=1.450 E=-232.74428129
    GL r=1.460 E=-232.74545455
    GL r=1.470 E=-232.74649287
    GL r=1.480 E=-232.74739754
    GL r=1.490 E=-232.74818366
    GL r=1.500 E=-232.74886123
    GL r=1.510 E=-232.74942148
    GL r=1.520 E=-232.74987597
    GE r=1.400 E=-232.72856032
    GE r=1.410 E=-232.73070378
    GE r=1.420 E=-232.73267693
    GE r=1.430 E=-232.73448824
    GE r=1.440 E=-232.73614581
    GE r=1.450 E=-232.73765737
    GE r=1.460 E=-232.73903026
    GE r=1.470 E=-232.74027151
    GE r=1.480 E=-232.74138781
    GE r=1.490 E=-232.74238557
    GE r=1.500 E=-232.74327090
    GE r=1.510 E=-232.74404178
    GE r=1.520 E=-232.74471923
    GE r=1.400 E=-232.73568843
    GE r=1.410 E=-232.73770684
    GE r=1.420 E=-232.73954910
    GE r=1.430 E=-232.74122358
    GE r=1.440 E=-232.74273828
    GE r=1.450 E=-232.74410081
    GE r=1.460 E=-232.74531846
    GE r=1.470 E=-232.74639818
    GE r=1.480 E=-232.74734660
    GE r=1.490 E=-232.74817005
    GE r=1.500 E=-232.74887459
    GE r=1.510 E=-232.74946602
    GE r=1.520 E=-232.74994986
  ΔEA=+6.179  ΔEA1=+3.236  ΔEA2=-0.046  dr1=+0.0000 dr2=+0.0000

[P5] agree=False gate=True
