
=== Butadiene (P1) ===
  ΔEAm=+4.057  Δr=+0.0178

=== Hexatriene (Ci + adiabatic 1D) ===
  Ci carbon residual max=8.88e-16
  vertical: ΔEA=+1.951 ΔEA1=+0.446 ΔEA2=+0.446
  GL scan r12 then r34
    GL r=1.420 E=-232.50831690
    GL r=1.430 E=-232.50991186
    GL r=1.440 E=-232.51134837
    GL r=1.450 E=-232.51264625
    GL r=1.460 E=-232.51382878
    GL r=1.470 E=-232.51487070
    GL r=1.480 E=-232.51579461
    GL r=1.490 E=-232.51658545
    GL r=1.500 E=-232.51728776
    GL r=1.420 E=-232.51299877
    GL r=1.430 E=-232.51460238
    GL r=1.440 E=-232.51602307
    GL r=1.450 E=-232.51730748
    GL r=1.460 E=-232.51846146
    GL r=1.470 E=-232.51949150
    GL r=1.480 E=-232.52040371
    GL r=1.490 E=-232.52120392
    GL r=1.500 E=-232.52187339
  GE1 / GE2 scans
    GE(0, 1) r=1.420 E=-232.51131534
    GE(0, 1) r=1.430 E=-232.51298782
    GE(0, 1) r=1.440 E=-232.51452830
    GE(0, 1) r=1.450 E=-232.51592553
    GE(0, 1) r=1.460 E=-232.51718674
    GE(0, 1) r=1.470 E=-232.51831876
    GE(0, 1) r=1.480 E=-232.51932814
    GE(0, 1) r=1.490 E=-232.52022115
    GE(0, 1) r=1.500 E=-232.52100380
    GE(1, 2) r=1.420 E=-232.51131534
    GE(1, 2) r=1.430 E=-232.51298782
    GE(1, 2) r=1.440 E=-232.51452830
    GE(1, 2) r=1.450 E=-232.51592553
    GE(1, 2) r=1.460 E=-232.51718674
    GE(1, 2) r=1.470 E=-232.51831876
    GE(1, 2) r=1.480 E=-232.51932814
    GE(1, 2) r=1.490 E=-232.52022115
    GE(1, 2) r=1.500 E=-232.52100380
  adiabatic ΔEA1/2=+0.545/+0.545 dr=-0.0000/-0.0000

=== Benzene Kekulé (vertical GE-m) ===
  GE(0, 1) ΔEAm=+9.633
  GE(1, 2) ΔEAm=+9.633
  GE(2, 0) ΔEAm=+9.633
  ΔEA=-6.542 mean ΔEAm=+9.633

[P5v4] agree=True pos=6/6 ~85%
