
=== Butadiene (P1 cache) ===
  ΔEAm=+4.057 Δr=+0.0178

=== Hexatriene cyclic multi-bond ===
  GL start E=-232.51265169 bonds=[1.34 1.45 1.34 1.45 1.34]
    GL pass1 bond0 -> 1.3450 E=-232.51296088
    GL pass1 bond1 -> 1.5400 E=-232.52349643
    GL pass1 bond2 -> 1.3700 E=-232.52467533
    GL pass1 bond3 -> 1.5400 E=-232.52467533
    GL pass1 bond4 -> 1.3700 E=-232.52473493
    GL pass2 bond0 -> 1.3700 E=-232.52473493
    GL pass2 bond1 -> 1.5400 E=-232.52473493
    GL pass2 bond2 -> 1.3700 E=-232.52473493
    GL pass2 bond3 -> 1.5400 E=-232.52473493
    GL pass2 bond4 -> 1.3700 E=-232.52473493
  GE1 start E=-232.52481289 bonds=[1.37 1.54 1.37 1.54 1.37]
    GE1 pass1 bond0 -> 1.3700 E=-232.52481289
    GE1 pass1 bond1 -> 1.5400 E=-232.52481289
    GE1 pass1 bond2 -> 1.3950 E=-232.52483230
    GE1 pass1 bond3 -> 1.5400 E=-232.52483507
    GE1 pass1 bond4 -> 1.3700 E=-232.52483507
    GE1 pass2 bond0 -> 1.3700 E=-232.52483507
    GE1 pass2 bond1 -> 1.5400 E=-232.52483507
    GE1 pass2 bond2 -> 1.3950 E=-232.52483507
    GE1 pass2 bond3 -> 1.5400 E=-232.52483507
    GE1 pass2 bond4 -> 1.3700 E=-232.52483507
  GE2 start E=-232.52481289 bonds=[1.37 1.54 1.37 1.54 1.37]
    GE2 pass1 bond0 -> 1.3700 E=-232.52481289
    GE2 pass1 bond1 -> 1.5400 E=-232.52481289
    GE2 pass1 bond2 -> 1.3950 E=-232.52483230
    GE2 pass1 bond3 -> 1.5400 E=-232.52483507
    GE2 pass1 bond4 -> 1.3700 E=-232.52483507
    GE2 pass2 bond0 -> 1.3700 E=-232.52483507
    GE2 pass2 bond1 -> 1.5400 E=-232.52483507
    GE2 pass2 bond2 -> 1.3950 E=-232.52483507
    GE2 pass2 bond3 -> 1.5400 E=-232.52483507
    GE2 pass2 bond4 -> 1.3700 E=-232.52483507
  ΔEA1/2=-0.063/-0.063 dr=+0.0000/+0.0000

[P5v5] agree=False ~85% dr_ok=False
