
=== Butadiene (P1) ===
  ΔEAm=+4.057 Δr=+0.0178

=== Hexatriene Ci scan (fixed doubles) ===
    GL r_s=1.400 E=-232.49751487
    GL r_s=1.425 E=-232.50608504
    GL r_s=1.450 E=-232.51264446
    GL r_s=1.475 E=-232.51743183
    GL r_s=1.500 E=-232.52067012
    GL r_s=1.525 E=-232.52256424
    GL r_s=1.550 E=-232.52329689
    GL r_s=1.575 E=-232.52304298
    GL r_s=1.600 E=-232.52192484
    GL r_s=1.625 E=-232.52009475
    GL r_s=1.650 E=-232.51767457
    GE1 r_s=1.400 E=-232.49712045
    GE1 r_s=1.425 E=-232.50551904
    GE1 r_s=1.450 E=-232.51193484
    GE1 r_s=1.475 E=-232.51661101
    GE1 r_s=1.500 E=-232.51977090
    GE1 r_s=1.525 E=-232.52161237
    GE1 r_s=1.550 E=-232.52231489
    GE1 r_s=1.575 E=-232.52204313
    GE1 r_s=1.600 E=-232.52093842
    GE1 r_s=1.625 E=-232.51913525
    GE1 r_s=1.650 E=-232.51676409
    GE2 r_s=1.400 E=-232.49712045
    GE2 r_s=1.425 E=-232.50551904
    GE2 r_s=1.450 E=-232.51193484
    GE2 r_s=1.475 E=-232.51661101
    GE2 r_s=1.500 E=-232.51977090
    GE2 r_s=1.525 E=-232.52161237
    GE2 r_s=1.550 E=-232.52231489
    GE2 r_s=1.575 E=-232.52204313
    GE2 r_s=1.600 E=-232.52093842
    GE2 r_s=1.625 E=-232.51913525
    GE2 r_s=1.650 E=-232.51676409
  Ci: ΔEA1/2=+0.616/+0.616 r_GL=1.550 r_GE1/2=1.550/1.550 dr=+0.0000/+0.0000

=== Asymmetric GE1 bridge (r34 fixed at GL*) ===
    GL-a r12=1.400 (r34=1.550) E=-232.52958257
    GL-a r12=1.425 (r34=1.550) E=-232.53083896
    GL-a r12=1.450 (r34=1.550) E=-232.53106503
    GL-a r12=1.475 (r34=1.550) E=-232.53035476
    GL-a r12=1.500 (r34=1.550) E=-232.52877835
    GL-a r12=1.525 (r34=1.550) E=-232.52641564
    GL-a r12=1.550 (r34=1.550) E=-232.52329641
    GL-a r12=1.575 (r34=1.550) E=-232.51946291
    GL-a r12=1.600 (r34=1.550) E=-232.51496064
    GL-a r12=1.625 (r34=1.550) E=-232.50975164
    GL-a r12=1.650 (r34=1.550) E=-232.50386287
    GE1-a r12=1.400 (r34=1.550) E=-232.52765062
    GE1-a r12=1.425 (r34=1.550) E=-232.52911701
    GE1-a r12=1.450 (r34=1.550) E=-232.52951296
    GE1-a r12=1.475 (r34=1.550) E=-232.52896749
    GE1-a r12=1.500 (r34=1.550) E=-232.52754550
    GE1-a r12=1.525 (r34=1.550) E=-232.52531328
    GE1-a r12=1.550 (r34=1.550) E=-232.52232114
    GE1-a r12=1.575 (r34=1.550) E=-232.51860663
    GE1-a r12=1.600 (r34=1.550) E=-232.51419492
    GE1-a r12=1.625 (r34=1.550) E=-232.50909844
    GE1-a r12=1.650 (r34=1.550) E=-232.50331683
  asym: ΔEA=+0.974 r_GL=1.450 r_GE1=1.450 dr=+0.0000

[P5v5b] agree=True ~90% dr_closed=False
