
=== O3: benzene ΔEA vs ΣΔEAm ===
  ΔEA=-6.542  ΣΔEAm=+28.900  ESE_proxy=ΔEA−ΣΔEAm=-35.442

=== O1: v5 bound vs interior control ===
  bound(v5-like): ΔEAm=-0.0432  E_GL=-232.52473687 E_GE1=-232.52480569
  interior(v5b-like): ΔEAm=+0.6017  E_GL=-232.52329630 E_GE1=-232.52233746
  vertical(1.45): ΔEAm=+0.4456  E_GL=-232.51265169 E_GE1=-232.51194158

=== O2: dense asymmetric Δr ===
  GL  r12=1.420 E=-232.53067151
  GL  r12=1.425 E=-232.53083544
  GL  r12=1.430 E=-232.53095972
  GL  r12=1.435 E=-232.53104395
  GL  r12=1.440 E=-232.53108869
  GL  r12=1.445 E=-232.53109464
  GL  r12=1.450 E=-232.53106250
  GL  r12=1.455 E=-232.53099295
  GL  r12=1.460 E=-232.53088663
  GL  r12=1.465 E=-232.53074417
  GL  r12=1.470 E=-232.53056618
  GL  r12=1.475 E=-232.53035326
  GL  r12=1.480 E=-232.53010592
  GE1 r12=1.420 E=-232.52890996
  GE1 r12=1.425 E=-232.52912095
  GE1 r12=1.430 E=-232.52928353
  GE1 r12=1.435 E=-232.52940465
  GE1 r12=1.440 E=-232.52948526
  GE1 r12=1.445 E=-232.52952613
  GE1 r12=1.450 E=-232.52952802
  GE1 r12=1.455 E=-232.52949166
  GE1 r12=1.460 E=-232.52941776
  GE1 r12=1.465 E=-232.52930700
  GE1 r12=1.470 E=-232.52916003
  GE1 r12=1.475 E=-232.52897750
  GE1 r12=1.480 E=-232.52875999
  grid: r_GL=1.445 r_GE=1.450 dr=+0.0050
  para: r_GL*=1.44328 r_GE*=1.44775 dr*=+0.00447 ΔEAm*=+0.982 edge=False

[P5v5c] all_closed=True
