[P3T] built seed: theta=40.00 dmin=1.080 A
[P3T] loaded pre-relaxed seed results/P3/seed_prerelaxed.xyz theta=-92.22 dmin=1.066
[P3T] sweep up: theta -> 0
    constr θ=0 cache=2
    constr θ=0 cache=3
    constr θ=0 cache=4
    constr θ=0 cache=5
    constr θ=0 cache=6
    constr θ=0 cache=7
    constr θ=0 cache=8
    constr θ=0 cache=9
    constr θ=0 cache=10
    constr θ=0 cache=11
    constr θ=0 cache=12
    constr θ=0 cache=13
    constr θ=0 cache=14
    constr θ=0 cache=15
    constr θ=0 cache=16
    constr θ=0 cache=17
    constr θ=0 cache=18
    constr θ=0 cache=19
    constr θ=0 cache=20
    constr θ=0 cache=21
    constr θ=0 cache=22
    constr θ=0 cache=23
    constr θ=0 cache=24
    constr θ=0 cache=25
    constr θ=0 cache=26
    constr θ=0 cache=27
    constr θ=0 cache=28
    constr θ=0 cache=29
    constr θ=0 cache=30
    constr θ=0 cache=31
    constr θ=0 cache=32
    constr θ=0 cache=33
    constr θ=0 cache=34
    constr θ=0 cache=35
    constr θ=0 cache=36
    constr θ=0 cache=37
    constr θ=0 cache=38
    constr θ=0 cache=39
    constr θ=0 cache=40
    constr θ=0 cache=41
      theta=-0.38 err=0.38 nit=40 conv=False dmin=1.065 E(B3LYP)=-556.48448159
[P3T] sweep up: theta -> 15
    constr θ=15 cache=3
    constr θ=15 cache=4
    constr θ=15 cache=5
    constr θ=15 cache=6
    constr θ=15 cache=7
    constr θ=15 cache=8
    constr θ=15 cache=9
    constr θ=15 cache=10
    constr θ=15 cache=11
    constr θ=15 cache=12
    constr θ=15 cache=13
    constr θ=15 cache=14
    constr θ=15 cache=15
    constr θ=15 cache=16
    constr θ=15 cache=17
    constr θ=15 cache=18
    constr θ=15 cache=19
    constr θ=15 cache=20
    constr θ=15 cache=21
    constr θ=15 cache=22
    constr θ=15 cache=23
    constr θ=15 cache=24
    constr θ=15 cache=25
    constr θ=15 cache=26
    constr θ=15 cache=27
    constr θ=15 cache=28
    constr θ=15 cache=29
    constr θ=15 cache=30
    constr θ=15 cache=31
    constr θ=15 cache=32
    constr θ=15 cache=33
    constr θ=15 cache=34
    constr θ=15 cache=35
    constr θ=15 cache=36
    constr θ=15 cache=37
    constr θ=15 cache=38
    constr θ=15 cache=39
    constr θ=15 cache=40
    constr θ=15 cache=41
    constr θ=15 cache=42
      theta=14.60 err=0.40 nit=40 conv=False dmin=1.065 E(B3LYP)=-556.48511542
[P3T] sweep up: theta -> 30
    constr θ=30 cache=3
    constr θ=30 cache=4
    constr θ=30 cache=5
    constr θ=30 cache=6
    constr θ=30 cache=7
    constr θ=30 cache=8
    constr θ=30 cache=9
    constr θ=30 cache=10
    constr θ=30 cache=11
    constr θ=30 cache=12
    constr θ=30 cache=13
    constr θ=30 cache=14
    constr θ=30 cache=15
    constr θ=30 cache=16
    constr θ=30 cache=17
    constr θ=30 cache=18
    constr θ=30 cache=19
    constr θ=30 cache=20
    constr θ=30 cache=21
    constr θ=30 cache=22
    constr θ=30 cache=23
    constr θ=30 cache=24
    constr θ=30 cache=25
    constr θ=30 cache=26
    constr θ=30 cache=27
    constr θ=30 cache=28
    constr θ=30 cache=29
    constr θ=30 cache=30
    constr θ=30 cache=31
    constr θ=30 cache=32
    constr θ=30 cache=33
    constr θ=30 cache=34
    constr θ=30 cache=35
    constr θ=30 cache=36
    constr θ=30 cache=37
    constr θ=30 cache=38
    constr θ=30 cache=39
    constr θ=30 cache=40
    constr θ=30 cache=41
    constr θ=30 cache=42
      theta=29.78 err=0.22 nit=40 conv=False dmin=1.065 E(B3LYP)=-556.48796492
[P3T] sweep up: theta -> 45
    constr θ=45 cache=3
    constr θ=45 cache=4
    constr θ=45 cache=5
    constr θ=45 cache=6
    constr θ=45 cache=7
    constr θ=45 cache=8
    constr θ=45 cache=9
    constr θ=45 cache=10
    constr θ=45 cache=11
    constr θ=45 cache=12
    constr θ=45 cache=13
    constr θ=45 cache=14
    constr θ=45 cache=15
    constr θ=45 cache=16
    constr θ=45 cache=17
    constr θ=45 cache=18
    constr θ=45 cache=19
    constr θ=45 cache=20
    constr θ=45 cache=21
    constr θ=45 cache=22
    constr θ=45 cache=23
    constr θ=45 cache=24
    constr θ=45 cache=25
      theta=44.84 err=0.16 nit=23 conv=True dmin=1.066 E(B3LYP)=-556.48769118
[P3T] sweep up: theta -> 60
    constr θ=60 cache=3
    constr θ=60 cache=4
      theta=59.85 err=0.15 nit=2 conv=True dmin=1.066 E(B3LYP)=-556.48736223
[P3T] sweep up: theta -> 75
    constr θ=75 cache=3
    constr θ=75 cache=4
    constr θ=75 cache=5
      theta=74.85 err=0.15 nit=3 conv=True dmin=1.066 E(B3LYP)=-556.48697234
[P3T] sweep up: theta -> 90
    constr θ=90 cache=3
    constr θ=90 cache=4
    constr θ=90 cache=5
      theta=89.86 err=0.14 nit=3 conv=True dmin=1.066 E(B3LYP)=-556.48678971
[P3T] sweep down: theta -> 90
    constr θ=90 cache=2
    constr θ=90 cache=3
    constr θ=90 cache=4
    constr θ=90 cache=5
    constr θ=90 cache=6
    constr θ=90 cache=7
    constr θ=90 cache=8
    constr θ=90 cache=9
    constr θ=90 cache=10
    constr θ=90 cache=11
    constr θ=90 cache=12
    constr θ=90 cache=13
    constr θ=90 cache=14
    constr θ=90 cache=15
    constr θ=90 cache=16
    constr θ=90 cache=17
    constr θ=90 cache=18
    constr θ=90 cache=19
    constr θ=90 cache=20
    constr θ=90 cache=21
    constr θ=90 cache=22
    constr θ=90 cache=23
    constr θ=90 cache=24
    constr θ=90 cache=25
    constr θ=90 cache=26
    constr θ=90 cache=27
    constr θ=90 cache=28
    constr θ=90 cache=29
    constr θ=90 cache=30
    constr θ=90 cache=31
    constr θ=90 cache=32
    constr θ=90 cache=33
    constr θ=90 cache=34
    constr θ=90 cache=35
    constr θ=90 cache=36
    constr θ=90 cache=37
    constr θ=90 cache=38
    constr θ=90 cache=39
    constr θ=90 cache=40
    constr θ=90 cache=41
      theta=90.09 err=0.09 nit=40 conv=False dmin=1.066 E(B3LYP)=-556.48717672
[P3T] sweep down: theta -> 75
    constr θ=75 cache=3
    constr θ=75 cache=4
    constr θ=75 cache=5
    constr θ=75 cache=6
    constr θ=75 cache=7
    constr θ=75 cache=8
    constr θ=75 cache=9
    constr θ=75 cache=10
    constr θ=75 cache=11
    constr θ=75 cache=12
    constr θ=75 cache=13
    constr θ=75 cache=14
    constr θ=75 cache=15
    constr θ=75 cache=16
    constr θ=75 cache=17
    constr θ=75 cache=18
    constr θ=75 cache=19
    constr θ=75 cache=20
    constr θ=75 cache=21
    constr θ=75 cache=22
    constr θ=75 cache=23
    constr θ=75 cache=24
    constr θ=75 cache=25
    constr θ=75 cache=26
    constr θ=75 cache=27
    constr θ=75 cache=28
    constr θ=75 cache=29
    constr θ=75 cache=30
    constr θ=75 cache=31
    constr θ=75 cache=32
    constr θ=75 cache=33
    constr θ=75 cache=34
    constr θ=75 cache=35
    constr θ=75 cache=36
    constr θ=75 cache=37
    constr θ=75 cache=38
    constr θ=75 cache=39
    constr θ=75 cache=40
    constr θ=75 cache=41
    constr θ=75 cache=42
      theta=75.02 err=0.02 nit=40 conv=False dmin=1.065 E(B3LYP)=-556.48746804
[P3T] sweep down: theta -> 60
    constr θ=60 cache=3
    constr θ=60 cache=4
    constr θ=60 cache=5
    constr θ=60 cache=6
    constr θ=60 cache=7
    constr θ=60 cache=8
    constr θ=60 cache=9
    constr θ=60 cache=10
    constr θ=60 cache=11
    constr θ=60 cache=12
    constr θ=60 cache=13
    constr θ=60 cache=14
    constr θ=60 cache=15
    constr θ=60 cache=16
    constr θ=60 cache=17
    constr θ=60 cache=18
    constr θ=60 cache=19
    constr θ=60 cache=20
    constr θ=60 cache=21
    constr θ=60 cache=22
    constr θ=60 cache=23
    constr θ=60 cache=24
    constr θ=60 cache=25
    constr θ=60 cache=26
    constr θ=60 cache=27
    constr θ=60 cache=28
    constr θ=60 cache=29
    constr θ=60 cache=30
    constr θ=60 cache=31
    constr θ=60 cache=32
    constr θ=60 cache=33
    constr θ=60 cache=34
    constr θ=60 cache=35
    constr θ=60 cache=36
    constr θ=60 cache=37
    constr θ=60 cache=38
    constr θ=60 cache=39
    constr θ=60 cache=40
    constr θ=60 cache=41
    constr θ=60 cache=42
      theta=60.02 err=0.02 nit=40 conv=False dmin=1.067 E(B3LYP)=-556.48775616
[P3T] sweep down: theta -> 45
    constr θ=45 cache=3
    constr θ=45 cache=4
    constr θ=45 cache=5
    constr θ=45 cache=6
    constr θ=45 cache=7
    constr θ=45 cache=8
    constr θ=45 cache=9
    constr θ=45 cache=10
    constr θ=45 cache=11
    constr θ=45 cache=12
    constr θ=45 cache=13
