[P3T] built seed: theta=40.00 dmin=1.080 A
[P3T] stage A1: free relax RHF/sto-3g (maxiter=250)
    free-opt iter cache=2
    free-opt iter cache=3
    free-opt iter cache=4
    free-opt iter cache=5
    free-opt iter cache=6
    free-opt iter cache=7
    free-opt iter cache=8
    free-opt iter cache=9
    free-opt iter cache=10
    free-opt iter cache=11
    free-opt iter cache=12
    free-opt iter cache=13
    free-opt iter cache=14
    free-opt iter cache=15
    free-opt iter cache=16
    free-opt iter cache=17
    free-opt iter cache=18
    free-opt iter cache=19
    free-opt iter cache=20
    free-opt iter cache=21
    free-opt iter cache=22
    free-opt iter cache=23
    free-opt iter cache=24
    free-opt iter cache=25
    free-opt iter cache=26
    free-opt iter cache=27
    free-opt iter cache=28
    free-opt iter cache=29
    free-opt iter cache=30
    free-opt iter cache=31
    free-opt iter cache=32
    free-opt iter cache=33
    free-opt iter cache=34
    free-opt iter cache=35
    free-opt iter cache=36
    free-opt iter cache=37
    free-opt iter cache=38
    free-opt iter cache=39
    free-opt iter cache=40
    free-opt iter cache=41
    free-opt iter cache=42
    free-opt iter cache=43
    free-opt iter cache=44
    free-opt iter cache=45
    free-opt iter cache=46
    free-opt iter cache=47
    free-opt iter cache=48
    free-opt iter cache=49
    free-opt iter cache=50
    free-opt iter cache=51
    free-opt iter cache=52
    free-opt iter cache=53
    free-opt iter cache=54
    free-opt iter cache=55
    free-opt iter cache=56
    free-opt iter cache=57
    free-opt iter cache=58
    free-opt iter cache=59
    free-opt iter cache=60
    free-opt iter cache=61
    free-opt iter cache=62
    free-opt iter cache=63
    free-opt iter cache=64
    free-opt iter cache=65
    free-opt iter cache=66
    free-opt iter cache=67
    free-opt iter cache=68
    free-opt iter cache=69
    free-opt iter cache=70
    free-opt iter cache=71
    free-opt iter cache=72
    free-opt iter cache=73
    free-opt iter cache=74
    free-opt iter cache=75
    free-opt iter cache=76
    free-opt iter cache=77
    free-opt iter cache=78
    free-opt iter cache=79
    free-opt iter cache=80
[P3T] stage A1 done: theta=-101.42 E=-546.05739043 nit=79 converged=True dmin=1.079
[P3T] stage A2: free relax RHF/3-21g (maxiter=100)
    free-opt iter cache=2
    free-opt iter cache=3
    free-opt iter cache=4
    free-opt iter cache=5
    free-opt iter cache=6
    free-opt iter cache=7
    free-opt iter cache=8
    free-opt iter cache=9
    free-opt iter cache=10
    free-opt iter cache=11
    free-opt iter cache=12
    free-opt iter cache=13
    free-opt iter cache=14
    free-opt iter cache=15
    free-opt iter cache=16
    free-opt iter cache=17
    free-opt iter cache=18
    free-opt iter cache=19
    free-opt iter cache=20
    free-opt iter cache=21
    free-opt iter cache=22
    free-opt iter cache=23
    free-opt iter cache=24
    free-opt iter cache=25
    free-opt iter cache=26
[P3T] stage A2 done: theta=-92.22 E=-549.76799593 nit=25 converged=True dmin=1.066
[P3T] seed written to results/P3/seed_prerelaxed.xyz
[P3T] --seed-only: stopping before the theta scan
