[P1] RHF_6-31gs :: h2
[P1] RHF_6-31gs :: butadiene
[P1] RHF_6-31gs :: 1_butene
[P1] RHF_6-31gs :: trans_2_butene
[P1] RHF_6-31gs :: n_butane
[P1] MP2_6-31gs :: h2
[P1] MP2_6-31gs :: butadiene
[P1] MP2_6-31gs :: 1_butene
[P1] MP2_6-31gs :: trans_2_butene
[P1] MP2_6-31gs :: n_butane
# P1 method sensitivity

- Basis: `6-31g*`
- Agree if CE1<0 and CE2>0
- Any sign flip across methods: **no**

| method | CE1 | CE2 | flip |
|--------|-----|-----|------|
| RHF | +8.130 | +2.449 | no |
| B3LYP | +9.331 | +1.861 | no |
| MP2 | +8.503 | +1.858 | no |

敏感性未改变主结论：各层次均未出现 CE1<0 且 CE2>0 的符号翻转。

